Map:"Town"
default:Cell:Tree
-50,-29
-36,-5: Entity(Props:Sign|Dialog.Text=↑ This way to the Tutorial)
8,-2: Entity(NPC:HumanBlue|Dialog.Text=Hello, World!)
-31,-3: Entity(Props:StairsDown)
.:Cell:Empty
,:Cell:Grass
~:Cell:Dirt
@:Cell:DarkDirt
:Cell:Tree
}:Cell:SpawnPoint
#:Cell:Wall
{:Cell:CobbleWall
O:Cell:Boulder
?:Cell:Water
>:Cell:DirtLight
<:Cell:DirtOrange
`:Cell:DarkGrass
!:Cell:DarkStoneFloor
£:Cell:DarkGreyFloor
$:Cell:WoodFloorBrown
%:Cell:WoodFloorGrey
                                                            ,,,,,,,,,                                                                          
                                                          ,#{{#####{{#,                                                                        
                                                         ,,#.........#,,                                                                       
                                                        ,,,,...!!!...{,,                                                                       
                                                        ,,,,...!!!...#,,                                                                       
                                                      ,,,,,{.#.!!!.#.{,,                                                                       
                                                      ,,,,,{...£££...{~,                                                                       
                                                      ,,,,,{.<.£££.#.~~,                                                                       
                                                      ,,,,,,...£££...~~,                                                                       
                                                       ,,,,{.#.£££.#.#~,                                                                       
                                                       ,,,,{...£££...{,,                                                                       
                                                        ,,,#.#.£££.#.#,,                                                                       
                                                        ,,,{...£££...{,,                                                                       
                                                         ,,{{##£££{###,                                                                        
                                                         ,,,,,,£££,, ,                                                                         
                                                         ,,,,,,~~~,,,                                                                          
      ~~~                                                 ,,,,, ~~,,,                                                                          
      ~~~~,,            ,,~,                                 ,,~,,,,,                                                                          
  ,,,,~~~~,,,,,,,       ,,~,                                ,,,,,>,,                                                                           
 ,,    ~~~~,,,,,,,,,    ,,~,                                ,  >> ,, ,,                      ############                                      
,,,,,,,,~~~ ,,O,,,,,,,,,,~,                               ,,,,>>~, , ,,,,                   #$$$$$$$$$$#                                      
, ,,  ,,~~~,,,,,,,,,,,,,,~,                               ,,,>>,~  ,,   ,,                  #$$$$$$$$$$#                                      
,,,,,,,,,~~~,,,,,,,,,,,,~,                              ,,,,>>,~,  ,,,,, ,                 #$$$$$$$$$$#                                      
,,,,,,,,,,~~~,,,,,,,,,,,~~,,                            ,,,,>,,,~,,,,,,,,,                 #$$$$$$$$$$#                                      
, ,,,,,,,,,~~~,,,,,,,,,,~~~,,                          ,,,,>>,,,,~~~ ,  ,,    ,            #$$$$$$$$$$#         ~~~~~~~~~~~~~~~~             
,,,,,,O,,, ~~~~,,,```,,,,,,,,,,,,,,,,,,,,,,,,,,,,,,,,,,,,,>>>,,, ,,,~~,  ################## #$$$$$$$$$$#     ~~~~~~~~~~~~~~~~~~~~~~~          
 ,,,,,,,,,  ~~~~~,```,,,,,,,,,,,>>>>,>>>>>>>>>>>>,,,,>>>>>>>,,,     ,,~~~,#%%%%%%%%%%%%%%%%# #$$$$$$$$$$#  ~~~~~~~~~~~~~~~~~~~~~~~~~~~~        
 ,,,,,,,,,,~~~~~,```,,,,,,,,,,,,,,,,,,,,>,,>>>>>>>>>>>>>>>>,,       ,,~~~%%%%%%%%%%%%%%%%%#,#$$$$$$$$$$#~~~~~~~~~~~~~~~~~~~~~~~~~~~~~~        
 ,,,,,,,,,,~~@@@~~,,,,,,,,,,,,,,,,,>>>>,,>>>>>,,>>>>>,>>>>>>,,       , ,~~%%%%%%%%%%%%%%%%%#,#$$$$$$$$$$#~~~~~~~~~~~~~~~~~~~~~~~~~~~~~~~       
 ,,,,,,,,,,~~@}@~~,,,,,,,,,,,, ,,,,,,,,,,,,,,,,,,,,,,,,,,,,>>,       ,,,,,#%%%%%%%%%%%%%%%%#,#$$$$$$$$$$#~~~~~~~~~~~~~~~~~~~~~~~~~~~~~~~~      
 ,,,,,O,,,,~~@@@~~,,,,,,O,,,,, ,,,,,,,,,,,,,,,,,,,,,,,,,,,,,>,,      ,,,,,#%%%%%%%%%%%%%%%%#,#$$$$$$$$$$#~~~~~~~~~~~~~~~~~~~~~~~~~~~~~~~~~     
  ,,,,,,,,,~~~~~~~,,,,,,,,,,, ,,                         ,,,>>,,    ,,,,,,#%%%%%%%%%%%%%%%%#,#$$$$$$$$$$#~~~~~~~~~~~~~~~~~~~~~~~~~~~~~~~~~~    
   ,,,,,,,~~~~,,,,,,,,,,,,                            ,,,>>>,  ,,,,,,,#%%%%%%%%%%%%%%%%#,#$$$$$$$$$$$~~~~~~~~~~~~~~~~~~~~~~~~~~~~~~~~~~~   
     ,,,,,,,,,,,,,,,, ,,                               ,,,>>,,,, ,,,,,#%%%%%%%%%%%%%%%%#,#$$$$$$$$$$$~~~~~~~~~~~~~~~~~~~~~~~~~~~~~~~~~~~~  
      ,,,,,,,,,,,,,,,,,,,                                 ,,,>>>,,,,,,,,#%%%%%%%%%%%%%%%%# #$$$$$$$$$$#~~~~~~~~~~~~~~~~~~~~~~~~~~~~~~~~~~~~  
       ,,,,,,,,,,,,,,,,                                      ,,,>>>>>,,,,,#%%%%%%%%%%%%%%%%# ############~~~~~~~~~~~~~~~~~~~~~~~~~~~~~~~~~~~~  
            ,,,                                               ,,,, >>>>,,,##########%%######       ~~~~~~~~~~~~~~~~~~~~~~~~~~~~~~~~~~~~~~~~~~~ 
                                                                 , ,>>>>>>>~~ ,,,,,,~~,,,,,,       ~~~~~~~~~~~~~~~~~~~~~~~~~~~~~~~~~~~~~~~~~~~ 
                                                                  , ,, ,>>~>~~,, ,,,~~,            ~~~~~~~~~~~~~~~~~~~~~~~~~~~~~~~~~~~~~~~~~~~~
                                                                  ,,,,,,, ~~~~~~~~~ ~~,,          ~~~~~~~~~~~~~~~?????????????~~~~~~~~~~~~~~~~~
                                                                     ,,,,,,,~~~~~~~~~~~~          ~~~~~~~~~~~~~~~?????????????~~~~~~~~~~~~~~~~~
                                                                      ,,,,,,,,,,,,~~~~~~~~~~~~~~~~~~~~~~~~~~~~~~~?????????????~~~~~~~~~~~~~~~~~
                                                                       ,,,,,,, ,, ,,~~~~~~~~~~~~~~~~~~~~~~~~~~~~~?????????????~~~~~~~~~~~~~~~~~
                                                                          ,,  , ,,,,,~~~~~~~~~~~~~~~~~~~~~~~~~~~~?????£££?????~~~~~~~~~~~~~~~~~
                                                                                ,,,,,,~~~~~~~~~~~~~~~~~~~~~~~~~~~?????£££?????~~~~~~~~~~~~~~~~~
                                                                                  ,,, ~~~~~~~~~~~~~~~~~~~~~~~~~~~?????£££?????~~~~~~~~~~~~~~~~~
                                                                                    ,  ~~~~~~~~~~~~~~~~~~~~~~~~~~?????????????~~~~~~~~~~~~~~~~~
                                                                                        ~~~~~~~~~~~~~~~~~~~~~~~~~?????????????~~~~~~~~~~~~~~~~~
                                                                                        ~~~~~~~~~~~~~~~~~~~~~~~~~?????????????~~~~~~~~~~~~~~~~~
                                                                                         ~~~~~~~~~~~~~~~~~~~~~~~~?????????????~~~~~~~~~~~~~~~~~
                                                                                         ~~~~~~~~~~~~~~~~~~~~~~~~~~~~~~~~~~~~~~~~~~~~~~~~~~~~~~
                                                                                          ~~~~~~~~~~~~~~~~~~~~~~~~~~~~~~~~~~~~~~~~~~~~~~~~~~~~~
                                                                                           ~~~~~~~~~~~~~~~~~~~~~~~~~~~~~~~~~~~~~~~~~~~~~~~~~~~~
                                                                                            ~~~~~~~~~~~~~~~~~~~~~~~~~~~~~~~~~~~~~~~~~~~~~~~~~~~
                                                                                             ~~~~~~~~~~~~~~~~~~~~~~~~~~~~~~~~~~~~~~~~~~~~~~~~~~
                                                                                             ~~~~~~~~~~~~~~~~~~~~~~~~~~~~~~~~~~~~~~~~~~~~~~~~~~
                                                                                              ~~~~~~~~~~~~~~~~~~~~~~~~~~~~~~~~~~~~~~~~~~~~~~~~ 
                                                                                               ~~~~~~~~~~~~~~~~~~~~~~~~~~~~~~~~~~~~~~~~~~~~~~~ 
                                                                                                ~~~~~~~~~~~~~~~~~~~~~~~~~~~~~~~~~~~~~~~~~~~~~  
                                                                                                 ~~~~~~~~~~~~~~~~~~~~~~~~~~~~~~~~~~~~~~~~~~~   
                                                                                                   ~~~~~~~~~~~~~~~~~~~~~~~~~~~~~~~~~~~~~~~~    
                                                                                                   ~~~~~~~~~~~~~~~~~~~~~~~~~~~~~~~~~~~~~~~~    
                                                                                                     ~~~~~~~~~~~~~~~~~~~~~~~~~~~~~~~~~~~~~     
                                                                                                     ~~~~~~~~~~~~~~~~~~~~~~~~~~~~~~~~~~~~      
                                                                                                       ~~~~~~~~~~~~~~~~~~~~~~~~~~~~~~~~        
                                                                                                        ~~~~~~~~~~~~~~~~~~~~~~~~~~~            
                                                                                                          ~~~~~~~~~~~~~~~~~~                   
