Map:"Town"
default:Cell:Tree
-50,-41
-36,-5: Entity(Props:Sign|Dialog.Text=North: This way to the Tutorial)
8,-2: Entity(NPC:HumanBlue|Dialog.Text=Hello, World!)
-45,-19: Entity(Props:Sign|Dialog.Text=You can interact with <Space>. Press M to cycle through interactions if there is more than one.)
-46,-22: Entity(Props:Sign|Dialog.Text=Hover over something with the mouse to look at it.)
-45,-26: Entity(Props:Sign|Dialog.Text=Or right-click on things to examine them in more detail!)
-41,-31: Entity(Props:Sign|Dialog.Text=Bump into enemies to attack! This performs a basic attack.)
-38,-29: Entity(Monster:TrainingDummy)
-37,-29: Entity(Monster:TrainingDummy)
-36,-29: Entity(Monster:TrainingDummy)
-38,-31: Entity(Props:Sign|Dialog.Text=Press Z to open the Skills menu, or click a skill on your skill bar.)
-33,-29: Entity(Item:Club)
-33,-31: Entity(Props:Sign|Dialog.Text=Move onto an item and press G to pick it up.)
-32,-31: Entity(Props:Sign|Dialog.Text=Press I to open your inventory. You can drop, equip, and use items here.)
-19,-41: Entity(Item:PileOfGold)
-21,-41: Entity(Props:Sign|Dialog.Text=Sometimes secret areas will hide treasure or additional challenges.)
-33,-27: Entity(Props:Sign|Dialog.Text=South: Advanced Combat Tutorial)
-32,-21: Entity(Props:Sign|Dialog.Text=Whenever you attack, the defender gains Tilt. The better the attack or worse the defence, the more tilt gained.)
-32,-20: Entity(Props:Sign|Dialog.Text=If your tilt hits max, your defences are broken and all attacks will hit you.)
-35,-21: Entity(Props:Sign|Dialog.Text=Your Aura increases when in danger! You may need to spend a few turns in combat before you can use a big skill.)
-35,-20: Entity(Props:Sign|Dialog.Text=Aura returns to a base value when not in danger.)
-35,-19: Entity(Props:Sign|Dialog.Text=Your Aegis [magic shield] also recharges when not in danger.)
-19,-4: Entity(Monster:Vines)
-18,-4: Entity(Monster:Vines)
-17,-4: Entity(Monster:Vines)
-24,-13: Entity(Monster:Vines)
-24,-16: Entity(Monster:Vines)
14,-25: Entity(Props:StairsDown)
-34,-22: Entity(Props:Door)
32,0: Entity(NPC:HumanBlue|Dialog.Text=Welcome to Dellen's Adventuring Wares!)
32,-2: GenerateShop()
35,-2: GenerateShop()
29,-2: GenerateShop()
48,3: Entity(NPC:HumanBlue|Dialog.Text=I would heal you, but I don't know how yet.)
61,16: Entity(NPC:HumanBlue|Dialog.Text=I like fountains! They go splish splash.)
24,-1: Entity(Props:Door)
54,4: Entity(Props:Door)
54,3: Entity(Props:Door)
48,23: Entity(Props:Door)
41,23: Entity(NPC:HumanBlue|Dialog.Text=This is going to be a junk shop. But I haven't finished building it.)
61,-2: Entity(Props:Door)
76,-2: Entity(Props:Door)
68,-11: Entity(Props:Door)
72,-8: Entity(Props:Door)
62,-8: Entity(NPC:HumanBlue|Dialog.Text=This is the mayoral residence. We're going to have a bounty program for monsters.)
49,-16: Entity(NPC:HumanBlue|Dialog.Text=Hey! This is a black market.)
.:Cell:Empty
,:Cell:Grass
~:Cell:Dirt
@:Cell:Crater
:Cell:Tree
}:Cell:SpawnPoint
#:Cell:Wall
{:Cell:CobbleWall
O:Cell:Boulder
?:Cell:Water
>:Cell:DirtLight
<:Cell:DirtOrange
!:Cell:OrangeRock
£:Cell:DarkStoneFloor
$:Cell:DarkGreyFloor
%:Cell:WoodFloorBrown
^:Cell:WoodFloorGrey
                             ,,,                                                                                                               
                             ,,,                                                                                                               
                             ,,,                                                                                                               
                              ,                                                                                                                
                              ,                                                                                                                
                              ,                                                                                                                
                              ,                                                                                                                
                              ,                                                                                                                
                              ,                                                                                                                
                             ,,                                                                                                                
         <<<<<<<<<<< ,       ,                                                                                                                 
         <<<<<<<<<<<~,,     ,,                                                                                                                 
       >><<<<<<<<<<<~~,,  ,,,                               ,,,,,,,,,                                                                          
       >><<<<<<<<<<< ~~~,,,                               ,#{{#####{{#,                                                                        
      >>><<<<<<<<<<< ,~~~ ,                              ,,#.........#,,                                                                       
    ,,>>>>,,    !     ~~~~,,                            ,,,,...£££...{,,                                                                       
  ,,,>>>>,,,    !     ,~~~~,                            ,,,,...£££...#,,                                                                       
,,,,,>>>>,,     !      ,~~~                           ,,,,,{.#.£££.#.{,,                                                                       
  ,,,>>>,,,     !      ,,~~ ,                         ,,,,,{...$$$...{~,                                                                       
  ,,,>>>,     {{!{{{   ,~~~~,                         ,,,,,{.<.$$$.#.~~,                                                                       
   ,,>>>,     {!!!!{   ,~~~,,                         ,,,,,,...$$$...~~,                                                                       
  ,,>>>>,     {!!!!{     ~~~                           ,,,,{.#.$$$.#.#~,                                                                       
  ,,>>>>,,    {!!!!{     ~~~                           ,,,,{...$$$...{,,                          ,                                            
   ,>>>>,,    {!!!!{     ~ ~                            ,,,#.#.$$$.#.#,,                         ,, ,,                                         
   ,,>>>,,    {{{{{{     ~~~                            ,,,{...$$$...{,,                         ,>>>,,                                        
   ,,>>>,,                ~                              ,,{{##$$${###,                           >>>>,                                        
   ,,>>>,                 ~                              ,,,,,,$$$,, ,                            ,>>>,                                        
      >>,,                ~                              ,,,,,,~~~,,,                              ,,,,                                        
      ~~~                 ~                               ,,,,, ~~,,,                               ,,,,  #########################            
      ~~~~,,            ,,~,                                 ,,~,,,,,                                  ,,,#...........#...........#            
  ,,,,~~~~,,,,,,,       ,,~,                                ,,,,,>,,                                    ,,#.......................#            
 ,,    ~~~~,,,,,,,,,    ,,~,                                ,  >> ,, ,,                      ############,#...........#...........#            
,,,,,,,,~~~ ,,O,,,,,,,,,,~,                               ,,,,>>~, , ,,,,                   #%%%%%%%%%%#,#...........#...........#            
, ,,  ,,~~~,,,,,,,,,,,,,,~,                               ,,,>>,~  ,,   ,,                  #%%%%%%%%%%#,#...........####.########            
,,,,,,,,,,~~,,,,, ,,,,,,~,                              ,,,,>>,~,  ,,,,, ,                 #%%%%%%%%%%#,#...........#...........#            
,,,,,,,,,,,~~,,,,,,,,,,,~~,,                            ,,,,>,,,~,,,,,,,,,                 #%%%%%%%%%%#,#...........#...........#            
, ,,,,,,,,,,~,,,,,,,,,,,~~~~,                          ,,,,>>,,,,~~~ ,  ,,    ,            #%%%%%%%%%%#,#...........#...........#            
,,,,,,O,,, ,,,,,,,,,,,,,,,,,~~~~~~,,,,,,,,,,,,,,,,,,,,,,,,>>>,,, ,,,~~,  ################## #%%%%%%%%%%#,#...........#...........#~~          
 ,,,,,,,,,  ,,,,,,, ,,,,,,,,,,    >>,>>>>>>>>>>>>,,,,>>>>>>>,,,     ,,~~~,#^^^^^^^^^^^^^^^^# #%%%%%%%%%%#,#...........#...........#~~~~        
 ,,,,,,,,,,,,,,,@@,,,,,,,,,,,     ,,,,,,>,,>>>>>>>>>>>>>>>>,,       ,,~~~#^^^^^^^^^^^^^^^^#,#%%%%%%%%%%#~#####.##############.####~~~~        
 ,,,,,,,,@@,,@@@,@@,,,,,,,,,,,     >>>>,,>>>>>,,>>>>>,>>>>>>,,       , ,~~^^^^^^^^^^^^^^^^^#,#%%%%%%%%%%#~~~~~~~~~~~~~~~~~~~~~~~~~~~~~~~       
 ,,,,,,,,@@,,@}@,,,,,,,,,,,,,,      ,,,,,,,,,,,,,,,,,,,,,,,>>,       ,,,,,#^^^^^^^^^^^^^^^^#,#%%%%%%%%%%#~~~~~~~~~~~~~~~~~~~~~~~~~~~~~~~~      
 ,,,,,O,,@@,,@@@,@@@,,,,O,,,,,      ,,,,,,,,,,,,,,,,,,,,,,,,>,,      ,,,,,#^^^^^^^^^^^^^^^^#,#%%%%%%%%%%#~~~~~~~~~~~~~~~~~~~~~~~~~~~~~~~~~     
  ,,,,,,,,,,,,,,,@@@,,,,,,,,,                            ,,,>>,,    ,,,,,,#^^^^^^^^^^^^^^^^#,#%%%%%%%%%%#~~~~~~~~~~~~~~~~~~~~~~~~~~~~~~~~~~    
   ,,,,,,,@@@,,@@@,,,,,,,                             ,,,>>>,  ,,,,,,,#^^^^^^^^^^^^^^^^#,#%%%%%%%%%%%~~~~~~~~~~~~~~~~~~~~~~~~~~~~~~~~~~~   
     ,,,,,,@@@,,,,,,, ,,                               ,,,>>,,,, ,,,,,#^^^^^^^^^^^^^^^^#,#%%%%%%%%%%%~~~~~~~~~~~~~~~~~~~~~~~~~~~~~~~~~~~~  
      ,,,,,,,,,,,,,,,,,,,                                 ,,,>>>,,,,,,,,#^^^^^^^^^^^^^^^^# #%%%%%%%%%%#~~~~~~~~~~~~~~~~~~~~~~~~~~~~~~~~~~~~  
       ,,,,,,,,,,,,,,,,                                      ,,,>>>>>,,,,,#^^^^^^^^^^^^^^^^# ############~~~~~~~~~~~~~~~~~~~~~~~~~~~~~~~~~~~~  
            ,,,                                               ,,,, >>>>,,,##########^^######       ~~~~~~~~~~~~~~~~~~~~~~~~~~~~~~~~~~~~~~~~~~~ 
                                                                 , ,>>>>>>>~~ ,,,,,,~~,,,,,,       ~~~~~~~~~~~~~~~~~~~~~~~~~~~~~~~~~~~~~~~~~~~ 
                                                                  , ,, ,>>~>~~,, ,,,~~,            ~~~~~~~~~~~~~~~~~~~~~~~~~~~~~~~~~~~~~~~~~~~~
                                                                  ,,,,,,, ~~~~~~~~~ ~~,,          ~~~~~~~~~~~~~~~?????????????~~~~~~~~~~~~~~~~~
                                                                     ,,,,,,,~~~~~~~~~~~~          ~~~~~~~~~~~~~~~?????????????~~~~~~~~~~~~~~~~~
                                                                      ,,,,,,,,,,,,~~~~~~~~~~~~~~~~~~~~~~~~~~~~~~~?????????????~~~~~~~~~~~~~~~~~
                                                                       ,,,,,,, ,, ,,~~~~~~~~~~~~~~~~~~~~~~~~~~~~~?????????????~~~~~~~~~~~~~~~~~
                                                                          ,,  , ,,,,,~~~~~~~~~~~~~~~~~~~~~~~~~~~~?????$$$?????~~~~~~~~~~~~~~~~~
                                                                                ,,,,###############~~~~~~~~~~~~~~?????$$$?????~~~~~~~~~~~~~~~~~
                                                                                  ,,#.............#~~~~~~~~~~~~~~?????$$$?????~~~~~~~~~~~~~~~~~
                                                                                    #.............#~~~~~~~~~~~~~~?????????????~~~~~~~~~~~~~~~~~
                                                                                    #.............#~~~~~~~~~~~~~~?????????????~~~~~~~~~~~~~~~~~
                                                                                    #.............#~~~~~~~~~~~~~~?????????????~~~~~~~~~~~~~~~~~
                                                                                    #.............#~~~~~~~~~~~~~~?????????????~~~~~~~~~~~~~~~~~
                                                                                    #.............#~~~~~~~~~~~~~~~~~~~~~~~~~~~~~~~~~~~~~~~~~~~~
                                                                                    #.............#~~~~~~~~~~~~~~~~~~~~~~~~~~~~~~~~~~~~~~~~~~~~
                                                                                    #..............~~~~~~~~~~~~~~~~~~~~~~~~~~~~~~~~~~~~~~~~~~~~
                                                                                    #.............#~~~~~~~~~~~~~~~~~~~~~~~~~~~~~~~~~~~~~~~~~~~~
                                                                                    #.............#~~~~~~~~~~~~~~~~~~~~~~~~~~~~~~~~~~~~~~~~~~~~
                                                                                    #.............#~~~~~~~~~~~~~~~~~~~~~~~~~~~~~~~~~~~~~~~~~~~~
                                                                                    #.............#~~~~~~~~~~~~~~~~~~~~~~~~~~~~~~~~~~~~~~~~~~~ 
                                                                                    #.............#~~~~~~~~~~~~~~~~~~~~~~~~~~~~~~~~~~~~~~~~~~~ 
                                                                                    #.............#~~~~~~~~~~~~~~~~~~~~~~~~~~~~~~~~~~~~~~~~~~  
                                                                                    #.............#~~~~~~~~~~~~~~~~~~~~~~~~~~~~~~~~~~~~~~~~~   
                                                                                    #.............#~~~~~~~~~~~~~~~~~~~~~~~~~~~~~~~~~~~~~~~~    
                                                                                    ###############~~~~~~~~~~~~~~~~~~~~~~~~~~~~~~~~~~~~~~~~    
                                                                                                     ~~~~~~~~~~~~~~~~~~~~~~~~~~~~~~~~~~~~~     
                                                                                                     ~~~~~~~~~~~~~~~~~~~~~~~~~~~~~~~~~~~~      
                                                                                                       ~~~~~~~~~~~~~~~~~~~~~~~~~~~~~~~~        
                                                                                                        ~~~~~~~~~~~~~~~~~~~~~~~~~~~            
                                                                                                          ~~~~~~~~~~~~~~~~~~                   
